2026-08-22 14:31:02.114 INFO  [orders-api] c.acme.orders.OrderService - Processing order batch #48213 (152 orders)
2026-08-22 14:31:02.387 INFO  [orders-api] c.acme.orders.repo.OrderRepository - Acquiring connection from pool 'orders-db-pool' (active=18, idle=2, max=20)
2026-08-22 14:31:07.412 WARN  [orders-api] com.zaxxer.hikari.pool.HikariPool - orders-db-pool - Connection acquisition exceeded 5000ms threshold (waited=5021ms)
2026-08-22 14:31:12.845 WARN  [orders-api] c.acme.orders.repo.OrderRepository - Retry attempt 1/3 to acquire database connection (backoff=2000ms)
2026-08-22 14:31:19.902 WARN  [orders-api] c.acme.orders.repo.OrderRepository - Retry attempt 2/3 to acquire database connection (backoff=4000ms)
2026-08-22 14:31:28.977 WARN  [orders-api] c.acme.orders.repo.OrderRepository - Retry attempt 3/3 to acquire database connection (backoff=8000ms)
2026-08-22 14:31:33.011 ERROR [orders-api] c.acme.orders.OrderService - Failed to process order batch #48213: could not obtain JDBC connection
org.springframework.jdbc.CannotGetJdbcConnectionException: Failed to obtain JDBC Connection
    at org.springframework.jdbc.datasource.DataSourceUtils.getConnection(DataSourceUtils.java:83)
    at com.acme.orders.repo.OrderRepository.saveBatch(OrderRepository.java:112)
    at com.acme.orders.OrderService.processBatch(OrderService.java:74)
Caused by: java.sql.SQLTransientConnectionException: orders-db-pool - Connection is not available, request timed out after 30007ms
    at com.zaxxer.hikari.pool.HikariPool.createTimeoutException(HikariPool.java:696)
    at com.zaxxer.hikari.pool.HikariPool.getConnection(HikariPool.java:181)
Caused by: org.postgresql.util.PSQLException: Connection to orders-db.internal:5432 refused. Check that the hostname and port are correct and that the postmaster is accepting TCP/IP connections.
    at org.postgresql.core.v3.ConnectionFactoryImpl.openConnectionImpl(ConnectionFactoryImpl.java:342)
    at org.postgresql.Driver.connect(Driver.java:261)
Caused by: java.net.SocketTimeoutException: connect timed out
2026-08-22 14:31:33.015 ERROR [orders-api] c.acme.orders.OrderService - Order batch #48213 moved to dead-letter queue after 3 failed attempts
2026-08-22 14:31:33.020 WARN  [orders-api] c.acme.health.DatabaseHealthIndicator - Health check FAILED for datasource 'orders-db' (PostgreSQL at orders-db.internal:5432): connect timed out
